// Jest Snapshot v1, https://goo.gl/fbAQLP

exports[`Home Component renders correctly 1`] = `
<View
  style={
    Object {
      "flex": 1,
    }
  }
>
  <View
    style={
      Object {
        "backgroundColor": "#FF0000",
        "flex": 1,
      }
    }
  >
    <Image
      source={
        Object {
          "testUri": "../../../app/assets/img/vietnam_restaurant_300.jpg",
        }
      }
      style={
        Object {
          "height": "100%",
          "width": "100%",
        }
      }
    />
  </View>
  <View
    style={
      Object {
        "backgroundColor": "#1a1a1a",
        "flex": 1,
        "padding": 10,
        "paddingTop": 10,
      }
    }
  >
    <Text
      style={
        Array [
          Object {
            "color": "#c0d1ce",
          },
          Object {
            "fontSize": 30,
            "textTransform": "uppercase",
          },
        ]
      }
    >
      Au nem d'argent
    </Text>
    <Text
      style={
        Array [
          Object {
            "color": "#c0d1ce",
          },
          Object {
            "fontSize": 14,
          },
        ]
      }
    >
      2 rue d'along 57070 Metz, France
    </Text>
    <Text
      style={
        Array [
          Object {
            "color": "#c0d1ce",
          },
          Object {
            "fontSize": 14,
          },
        ]
      }
    >
      06 28 65 56 65
    </Text>
    <View
      style={
        Object {
          "borderBottomColor": "white",
          "borderBottomWidth": 1,
          "marginTop": 20,
          "width": 80,
        }
      }
    />
    <Text
      style={
        Array [
          Object {
            "color": "#c0d1ce",
          },
          Object {
            "fontSize": 18,
            "marginTop": 5,
          },
        ]
      }
    >
      HORAIRES
    </Text>
    <Text
      style={
        Array [
          Object {
            "color": "#c0d1ce",
          },
        ]
      }
    >
      Ouvert 7/7 de 11h30 à 23h30
    </Text>
    <View
      style={
        Object {
          "alignItems": "center",
          "marginTop": 50,
        }
      }
    >
      <View
        accessible={true}
        isTVSelectable={true}
        onResponderGrant={[Function]}
        onResponderMove={[Function]}
        onResponderRelease={[Function]}
        onResponderTerminate={[Function]}
        onResponderTerminationRequest={[Function]}
        onStartShouldSetResponder={[Function]}
        style={
          Object {
            "backgroundColor": "#c61e1e",
            "borderRadius": 7,
            "opacity": 1,
            "paddingBottom": 10,
            "paddingLeft": 40,
            "paddingRight": 40,
            "paddingTop": 8,
            "textAlign": "center",
          }
        }
      >
        <Text
          style={
            Object {
              "color": "#eaf05e",
              "fontSize": 18,
              "textTransform": "uppercase",
            }
          }
        >
          Commander
        </Text>
      </View>
    </View>
  </View>
</View>
`;

exports[`renders correctly 1`] = `
<View
  style={
    Object {
      "flex": 1,
    }
  }
>
  <View
    style={
      Object {
        "backgroundColor": "#FF0000",
        "flex": 1,
      }
    }
  >
    <Image
      source={
        Object {
          "testUri": "../../../app/assets/img/vietnam_restaurant_300.jpg",
        }
      }
      style={
        Object {
          "height": "100%",
          "width": "100%",
        }
      }
    />
  </View>
  <View
    style={
      Object {
        "backgroundColor": "#1a1a1a",
        "flex": 1,
        "padding": 10,
        "paddingTop": 10,
      }
    }
  >
    <Text
      style={
        Array [
          Object {
            "color": "#c0d1ce",
          },
          Object {
            "fontSize": 30,
            "textTransform": "uppercase",
          },
        ]
      }
    >
      Au nem d'argent
    </Text>
    <Text
      style={
        Array [
          Object {
            "color": "#c0d1ce",
          },
          Object {
            "fontSize": 14,
          },
        ]
      }
    >
      2 rue d'along 57070 Metz, France
    </Text>
    <Text
      style={
        Array [
          Object {
            "color": "#c0d1ce",
          },
          Object {
            "fontSize": 14,
          },
        ]
      }
    >
      06 28 65 56 65
    </Text>
    <View
      style={
        Object {
          "borderBottomColor": "white",
          "borderBottomWidth": 1,
          "marginTop": 20,
          "width": 80,
        }
      }
    />
    <Text
      style={
        Array [
          Object {
            "color": "#c0d1ce",
          },
          Object {
            "fontSize": 18,
            "marginTop": 5,
          },
        ]
      }
    >
      HORAIRES
    </Text>
    <Text
      style={
        Array [
          Object {
            "color": "#c0d1ce",
          },
        ]
      }
    >
      Ouvert 7/7 de 11h30 à 23h30
    </Text>
    <View
      style={
        Object {
          "alignItems": "center",
          "marginTop": 50,
        }
      }
    >
      <View
        accessible={true}
        isTVSelectable={true}
        onResponderGrant={[Function]}
        onResponderMove={[Function]}
        onResponderRelease={[Function]}
        onResponderTerminate={[Function]}
        onResponderTerminationRequest={[Function]}
        onStartShouldSetResponder={[Function]}
        style={
          Object {
            "backgroundColor": "#c61e1e",
            "borderRadius": 7,
            "opacity": 1,
            "paddingBottom": 10,
            "paddingLeft": 40,
            "paddingRight": 40,
            "paddingTop": 8,
            "textAlign": "center",
          }
        }
      >
        <Text
          style={
            Object {
              "color": "#eaf05e",
              "fontSize": 18,
              "textTransform": "uppercase",
            }
          }
        >
          Commander
        </Text>
      </View>
    </View>
  </View>
</View>
`;
