// Jest Snapshot v1, https://goo.gl/fbAQLP

exports[`Menu View Component Show Menu list page renders correctly 1`] = `
<RCTScrollView
  contentContainerStyle={
    Object {
      "backgroundColor": "#1a1a1a",
      "flexGrow": 1,
    }
  }
>
  <View>
    <View
      style={
        Object {
          "alignItems": "center",
          "flex": 1,
          "flexDirection": "column",
          "justifyContent": "center",
        }
      }
    >
      <ActivityIndicator
        animating={true}
        color="#ffff00"
        hidesWhenStopped={true}
        size="large"
      />
    </View>
  </View>
</RCTScrollView>
`;
